
> frontend@1.0.0 build
> vite build

[36mvite v8.0.2 [32mbuilding client environment for production...[36m[39m
[2K
transforming...Γ£ô 2131 modules transformed.
rendering chunks...
node.exe : [31mΓ£ù[39m 
Build failed in 1.11s
At C:\Program 
Files\nodejs\npm.ps1:29 
char:3
+   & $NODE_EXE 
$NPM_CLI_JS $args
+   ~~~~~~~~~~~~~~~~~~~~~~
~~~~~~~
    + CategoryInfo        
      : NotSpecified: (  
  [31mΓ£ù[39m Build fa   
 iled in 1.11s:String)    
 [], RemoteException
    + FullyQualifiedError 
   Id : NativeCommandErr  
  or
 
[31merror during build:
[31mBuild failed with 1 
error:

[31m[MISSING_EXPORT] 
Error:[0m "MOCK_TRADERS" 
is not exported by 
"src/utils/mockData.js".
   [38;5;246mΓò¡[0m[38;
5;246mΓöÇ[0m[38;5;246m[
[0m src/components/Leaderb
oard.jsx:2:10 
[38;5;246m][0m
   [38;5;246mΓöé[0m
 [38;5;246m2 Γöé[0m [38
;5;249mi[0m[38;5;249mm[
0m[38;5;249mp[0m[38;5;2
49mo[0m[38;5;249mr[0m[
38;5;249mt[0m[38;5;249m 
[0m[38;5;249m{[0m[38;5
;249m [0mMOCK_TRADERS[38
;5;249m [0m[38;5;249m}[
0m[38;5;249m [0m[38;5;2
49mf[0m[38;5;249mr[0m[
38;5;249mo[0m[38;5;249mm
[0m[38;5;249m [0m[38;5
;249m"[0m[38;5;249m.[0m
[38;5;249m.[0m[38;5;249
m/[0m[38;5;249mu[0m[38
;5;249mt[0m[38;5;249mi[
0m[38;5;249ml[0m[38;5;2
49ms[0m[38;5;249m/[0m[
38;5;249mm[0m[38;5;249mo
[0m[38;5;249mc[0m[38;5
;249mk[0m[38;5;249mD[0m
[38;5;249ma[0m[38;5;249
mt[0m[38;5;249ma[0m[38
;5;249m"[0m[38;5;249m;[
0m
 [38;5;240m  Γöé[0m     
     ΓöÇΓöÇΓöÇΓöÇΓöÇΓöÇΓö¼
ΓöÇΓöÇΓöÇΓöÇΓöÇ  
 [38;5;240m  Γöé[0m     
           
Γò░ΓöÇΓöÇΓöÇΓöÇΓöÇΓöÇΓöÇ 
Missing export
[38;5;246mΓöÇΓöÇΓöÇΓò»[0
m
[31m
    at aggregateBindingErr
orsIntoJsError (file:///D:
/betting%20website/fronten
d/node_modules/rolldown/di
st/shared/error-D8cGyrC7.m
js:48:18)
    at 
unwrapBindingResult (file:
///D:/betting%20website/fr
ontend/node_modules/rolldo
wn/dist/shared/error-D8cGy
rC7.mjs:18:128)
    at #build (file:///D:/
betting%20website/frontend
/node_modules/rolldown/dis
t/shared/rolldown-build-CL
9PyQ2E.mjs:3313:34)
    at async 
buildEnvironment (file:///
D:/betting%20website/front
end/node_modules/vite/dist
/node/chunks/node.js:32829
:64)
    at async Object.build 
(file:///D:/betting%20webs
ite/frontend/node_modules/
vite/dist/node/chunks/node
.js:33251:19)
    at async 
Object.buildApp (file:///D
:/betting%20website/fronte
nd/node_modules/vite/dist/
node/chunks/node.js:33248:
153)
    at async 
CAC.<anonymous> (file:///D
:/betting%20website/fronte
nd/node_modules/vite/dist/
node/cli.js:778:3) {
  errors: [Getter/Setter]
}[39m
